2026-08-16 19:59:36,849 INFO o.h.v.i.u.Version [background-preinit] HV000001: Hibernate Validator 8.0.1.Final
2026-08-16 19:59:36,932 INFO o.s.b.StartupInfoLogger [main] Starting FuelstationBackendApplication using Java 21.0.8 with PID 27456 (C:\Users\Hp\OneDrive\Smart-Fuel-Station-Management-System\backend\target\classes started by Hp in C:\Users\Hp\OneDrive\Smart-Fuel-Station-Management-System\backend)
2026-08-16 19:59:36,933 DEBUG o.s.b.StartupInfoLogger [main] Running with Spring Boot v3.3.0, Spring v6.1.8
2026-08-16 19:59:36,936 INFO o.s.b.SpringApplication [main] No active profile set, falling back to 1 default profile: "default"
2026-08-16 19:59:38,543 INFO o.s.d.r.c.RepositoryConfigurationDelegate [main] Bootstrapping Spring Data JPA repositories in DEFAULT mode.
2026-08-16 19:59:38,856 INFO o.s.d.r.c.RepositoryConfigurationDelegate [main] Finished Spring Data repository scanning in 300 ms. Found 10 JPA repository interfaces.
2026-08-16 19:59:40,776 INFO o.s.b.w.e.t.TomcatWebServer [main] Tomcat initialized with port 8080 (http)
2026-08-16 19:59:40,800 INFO o.a.j.l.DirectJDKLog [main] Initializing ProtocolHandler ["http-nio-8080"]
2026-08-16 19:59:40,804 INFO o.a.j.l.DirectJDKLog [main] Starting service [Tomcat]
2026-08-16 19:59:40,805 INFO o.a.j.l.DirectJDKLog [main] Starting Servlet engine: [Apache Tomcat/10.1.24]
2026-08-16 19:59:40,998 INFO o.a.j.l.DirectJDKLog [main] Initializing Spring embedded WebApplicationContext
2026-08-16 19:59:41,002 INFO o.s.b.w.s.c.ServletWebServerApplicationContext [main] Root WebApplicationContext: initialization completed in 3954 ms
2026-08-16 19:59:41,676 INFO o.h.j.i.u.LogHelper [main] HHH000204: Processing PersistenceUnitInfo [name: default]
2026-08-16 19:59:41,772 INFO o.h.Version [main] HHH000412: Hibernate ORM core version 6.5.2.Final
2026-08-16 19:59:41,861 INFO o.h.c.i.RegionFactoryInitiator [main] HHH000026: Second-level cache disabled
2026-08-16 19:59:42,233 INFO o.s.o.j.p.SpringPersistenceUnitInfo [main] No LoadTimeWeaver setup: ignoring JPA class transformer
2026-08-16 19:59:42,269 INFO c.z.h.HikariDataSource [main] HikariPool-1 - Starting...
2026-08-16 19:59:42,709 INFO c.z.h.p.HikariPool [main] HikariPool-1 - Added connection com.mysql.cj.jdbc.ConnectionImpl@532ea86b
2026-08-16 19:59:42,712 INFO c.z.h.HikariDataSource [main] HikariPool-1 - Start completed.
2026-08-16 19:59:44,743 INFO o.h.e.t.j.p.i.JtaPlatformInitiator [main] HHH000489: No JTA platform available (set 'hibernate.transaction.jta.platform' to enable JTA platform integration)
2026-08-16 19:59:45,162 INFO o.s.o.j.AbstractEntityManagerFactoryBean [main] Initialized JPA EntityManagerFactory for persistence unit 'default'
2026-08-16 19:59:46,377 DEBUG o.s.w.f.GenericFilterBean [main] Filter 'authenticationJwtTokenFilter' configured for use
2026-08-16 19:59:46,532 INFO o.s.d.j.r.q.QueryEnhancerFactory [main] Hibernate is in classpath; If applicable, HQL parser will be used.
2026-08-16 19:59:48,204 INFO o.s.s.c.a.a.c.InitializeAuthenticationProviderBeanManagerConfigurer$InitializeAuthenticationProviderManagerConfigurer [main] Global AuthenticationManager configured with AuthenticationProvider bean with name authenticationProvider
2026-08-16 19:59:48,206 WARN o.s.s.c.a.a.c.InitializeUserDetailsBeanManagerConfigurer$InitializeUserDetailsManagerConfigurer [main] Global AuthenticationManager configured with an AuthenticationProvider bean. UserDetailsService beans will not be used for username/password login. Consider removing the AuthenticationProvider bean. Alternatively, consider using the UserDetailsService in a manually instantiated DaoAuthenticationProvider.
2026-08-16 19:59:48,974 WARN o.s.b.a.o.j.JpaBaseConfiguration$JpaWebConfiguration [main] spring.jpa.open-in-view is enabled by default. Therefore, database queries may be performed during view rendering. Explicitly configure spring.jpa.open-in-view to disable this warning
2026-08-16 19:59:50,008 INFO o.s.b.a.e.w.EndpointLinksResolver [main] Exposing 2 endpoints beneath base path '/actuator'
2026-08-16 19:59:50,178 INFO o.s.s.w.DefaultSecurityFilterChain [main] Will secure any request with [org.springframework.security.web.session.DisableEncodeUrlFilter@42f7523d, org.springframework.security.web.context.request.async.WebAsyncManagerIntegrationFilter@42ec207f, org.springframework.security.web.context.SecurityContextHolderFilter@cc4d929, org.springframework.security.web.header.HeaderWriterFilter@660d3831, org.springframework.web.filter.CorsFilter@580cb668, org.springframework.security.web.authentication.logout.LogoutFilter@4cf7f5d8, com.fuelstation.Security.AuthTokenFilter@8d0253b, org.springframework.security.web.savedrequest.RequestCacheAwareFilter@c5a4358, org.springframework.security.web.servletapi.SecurityContextHolderAwareRequestFilter@673e239b, org.springframework.security.web.authentication.AnonymousAuthenticationFilter@302d0419, org.springframework.security.web.session.SessionManagementFilter@3e8d8bee, org.springframework.security.web.access.ExceptionTranslationFilter@7e765313, org.springframework.security.web.access.intercept.AuthorizationFilter@5556813d]
2026-08-16 19:59:51,422 INFO o.a.j.l.DirectJDKLog [main] Starting ProtocolHandler ["http-nio-8080"]
2026-08-16 19:59:51,464 INFO o.s.b.w.e.t.TomcatWebServer [main] Tomcat started on port 8080 (http) with context path '/'
2026-08-16 19:59:51,492 INFO o.s.b.StartupInfoLogger [main] Started FuelstationBackendApplication in 15.506 seconds (process running for 16.419)
2026-08-16 20:07:16,444 INFO o.a.j.l.DirectJDKLog [http-nio-8080-exec-2] Initializing Spring DispatcherServlet 'dispatcherServlet'
2026-08-16 20:07:16,481 INFO o.s.w.s.FrameworkServlet [http-nio-8080-exec-2] Initializing Servlet 'dispatcherServlet'
2026-08-16 20:07:16,917 INFO o.s.w.s.FrameworkServlet [http-nio-8080-exec-2] Completed initialization in 428 ms
